</details>

<details>
<summary> .secrets.baseline</summary>
```json
{
  "version": "1.4.0",
  "plugins_used": [
    {"name": "ArtifactoryDetector"},
    {"name": "AWSKeyDetector"},
    {"name": "AzureStorageKeyDetector"},
    {"name": "BasicAuthDetector"},
    {"name": "CloudantDetector"},
    {"name": "GitHubTokenDetector"},
    {"name": "IbmCloudIamDetector"},
    {"name": "IbmCosHmacDetector"},
    {"name": "JwtTokenDetector"},
    {"name": "PrivateKeyDetector"},
    {"name": "SlackDetector"},
    {"name": "SoftlayerDetector"},
    {"name": "StripeDetector"}
  ],
  "filters_used": [
    {"path": "detect_secrets.filters.allowlist.is_line_allowlisted"},
    {"path": "detect_secrets.filters.common.is_ignored_due_to_verification_policies"}
  ],
  "results": {},
  "generated_at": "2024-01-01T00:00:00Z"
}
